Test case report content for API testing
